// Jest Snapshot v1, https://goo.gl/fbAQLP

exports[`component: AppCoVersionSelect should match snapshot 1`] = `
<labeled-select-stub
  appendtobody="true"
  clearable="false"
  closeonselect="true"
  disabled="false"
  filterable="true"
  hovertooltip="true"
  instore="cluster"
  label="%fleet.helmOp.appCoConfig.chartVersion%"
  loading="false"
  localizedlabel="false"
  lockedoptions=""
  mode="edit"
  nooptionslabelkey="labelSelect.noOptions.empty"
  optionkey="value"
  optionlabel="label"
  options="[object Object],[object Object]"
  placeholder=""
  reduce="[Function]"
  required="false"
  requiredirty="true"
  rules=""
  searchable="true"
  selectable="[Function]"
  value="1.2.0"
/>
`;
