// Jest Snapshot v1, https://goo.gl/fbAQLP

exports[`component: General rendering & initial state should render with default props (snapshot) 1`] = `
<div>
  <div
    class="row"
  >
    <div
      class="col span-6"
    >
      <fieldset>
        <h3>
          auditPolicy.general.enabled.title
        </h3>
        <checkbox-stub
          componenttestid="checkbox"
          data-testid="auditPolicy-enabled"
          disabled="false"
          id="test-id-123"
          indeterminate="false"
          labelkey="auditPolicy.general.enabled.checkbox"
          mode="create"
          primary="false"
          value="false"
          valuewhentrue="true"
        />
      </fieldset>
    </div>
  </div>
  <div
    class="spacer"
  />
  <div
    class="row"
  >
    <div
      class="col span-6"
    >
      <fieldset>
        <h3>
          auditPolicy.general.verbosity.title
        </h3>
        <banner-stub
          class="mt-0"
          closable="false"
          color="info"
          disabled="false"
          labelkey="auditPolicy.general.verbosity.banner"
          stacked="false"
        />
        <h4>
          auditPolicy.general.verbosity.level.title 
          <i
            class="icon icon-info has-clean-tooltip"
          />
        </h4>
        <div
          class="row"
        >
          <div
            class="col span-12"
          >
            <labeled-select-stub
              appendtobody="true"
              clearable="false"
              closeonselect="true"
              disabled="false"
              hovertooltip="true"
              label="auditPolicy.general.verbosity.level.label"
              loading="false"
              localizedlabel="false"
              mode="create"
              nooptionslabelkey="labelSelect.noOptions.empty"
              optionlabel="label"
              options="[object Object],[object Object],[object Object],[object Object]"
              reduce="[Function]"
              required="false"
              selectable="[Function]"
              value="0"
            />
          </div>
        </div>
        <div
          class="spacer-small"
        />
        <div
          class="row"
        >
          <div
            class="col span-6"
          >
            <h4>
              auditPolicy.general.verbosity.request.title 
              <i
                class="icon icon-info has-clean-tooltip"
              />
            </h4>
            <div
              class="row"
            >
              <checkbox-stub
                componenttestid="checkbox"
                disabled="false"
                id="test-id-123"
                indeterminate="false"
                label="auditPolicy.general.verbosity.request.requestHeaders"
                mode="create"
                primary="false"
                value="false"
                valuewhentrue="true"
              />
            </div>
            <div
              class="row"
            >
              <checkbox-stub
                componenttestid="checkbox"
                disabled="false"
                id="test-id-123"
                indeterminate="false"
                label="auditPolicy.general.verbosity.request.requestBody"
                mode="create"
                primary="false"
                value="false"
                valuewhentrue="true"
              />
            </div>
          </div>
          <div
            class="col span-6"
          >
            <h4>
              auditPolicy.general.verbosity.response.title 
              <i
                class="icon icon-info has-clean-tooltip"
              />
            </h4>
            <div
              class="row"
            >
              <checkbox-stub
                componenttestid="checkbox"
                disabled="false"
                id="test-id-123"
                indeterminate="false"
                label="auditPolicy.general.verbosity.response.responseHeaders"
                mode="create"
                primary="false"
                value="false"
                valuewhentrue="true"
              />
            </div>
            <div
              class="row"
            >
              <checkbox-stub
                componenttestid="checkbox"
                disabled="false"
                id="test-id-123"
                indeterminate="false"
                label="auditPolicy.general.verbosity.response.responseBody"
                mode="create"
                primary="false"
                value="false"
                valuewhentrue="true"
              />
            </div>
          </div>
        </div>
      </fieldset>
    </div>
  </div>
</div>
`;
